[0.795s] Invoking command in '/home/unknown/ros2_setup_scripts/ros2_ws/src/mypkg': CONDA_PROMPT_MODIFIER=(base) PYTHONPATH=/home/unknown/ros2_setup_scripts/ros2_ws/src/mypkg/build/mypkg/prefix_override:/usr/lib/python3/dist-packages/colcon_core/task/python/colcon_distutils_commands:/home/unknown/ros2_setup_scripts/ros2_ws/src/mypkg/install/mypkg/lib/python3.10/site-packages:${PYTHONPATH} /usr/bin/python3 -W ignore:setup.py install is deprecated -W ignore:easy_install command is deprecated setup.py egg_info --egg-base build/mypkg build --build-base /home/unknown/ros2_setup_scripts/ros2_ws/src/mypkg/build/mypkg/build install --record /home/unknown/ros2_setup_scripts/ros2_ws/src/mypkg/build/mypkg/install.log --single-version-externally-managed install_data
[1.100s] running egg_info
[1.100s] creating build/mypkg/mypkg.egg-info
[1.100s] writing build/mypkg/mypkg.egg-info/PKG-INFO
[1.101s] writing dependency_links to build/mypkg/mypkg.egg-info/dependency_links.txt
[1.101s] writing entry points to build/mypkg/mypkg.egg-info/entry_points.txt
[1.102s] writing requirements to build/mypkg/mypkg.egg-info/requires.txt
[1.102s] writing top-level names to build/mypkg/mypkg.egg-info/top_level.txt
[1.102s] writing manifest file 'build/mypkg/mypkg.egg-info/SOURCES.txt'
[1.107s] reading manifest file 'build/mypkg/mypkg.egg-info/SOURCES.txt'
[1.107s] writing manifest file 'build/mypkg/mypkg.egg-info/SOURCES.txt'
[1.108s] running build
[1.109s] running build_py
[1.109s] creating /home/unknown/ros2_setup_scripts/ros2_ws/src/mypkg/build/mypkg/build
[1.109s] creating /home/unknown/ros2_setup_scripts/ros2_ws/src/mypkg/build/mypkg/build/lib
[1.109s] creating /home/unknown/ros2_setup_scripts/ros2_ws/src/mypkg/build/mypkg/build/lib/mypkg
[1.110s] copying mypkg/__init__.py -> /home/unknown/ros2_setup_scripts/ros2_ws/src/mypkg/build/mypkg/build/lib/mypkg
[1.110s] copying mypkg/listener.py -> /home/unknown/ros2_setup_scripts/ros2_ws/src/mypkg/build/mypkg/build/lib/mypkg
[1.110s] copying mypkg/talker.py -> /home/unknown/ros2_setup_scripts/ros2_ws/src/mypkg/build/mypkg/build/lib/mypkg
[1.110s] running install
[1.110s] running install_lib
[1.111s] creating /home/unknown/ros2_setup_scripts/ros2_ws/src/mypkg/install/mypkg/lib/python3.10/site-packages/mypkg
[1.111s] copying /home/unknown/ros2_setup_scripts/ros2_ws/src/mypkg/build/mypkg/build/lib/mypkg/__init__.py -> /home/unknown/ros2_setup_scripts/ros2_ws/src/mypkg/install/mypkg/lib/python3.10/site-packages/mypkg
[1.112s] copying /home/unknown/ros2_setup_scripts/ros2_ws/src/mypkg/build/mypkg/build/lib/mypkg/listener.py -> /home/unknown/ros2_setup_scripts/ros2_ws/src/mypkg/install/mypkg/lib/python3.10/site-packages/mypkg
[1.112s] copying /home/unknown/ros2_setup_scripts/ros2_ws/src/mypkg/build/mypkg/build/lib/mypkg/talker.py -> /home/unknown/ros2_setup_scripts/ros2_ws/src/mypkg/install/mypkg/lib/python3.10/site-packages/mypkg
[1.112s] byte-compiling /home/unknown/ros2_setup_scripts/ros2_ws/src/mypkg/install/mypkg/lib/python3.10/site-packages/mypkg/__init__.py to __init__.cpython-310.pyc
[1.113s] byte-compiling /home/unknown/ros2_setup_scripts/ros2_ws/src/mypkg/install/mypkg/lib/python3.10/site-packages/mypkg/listener.py to listener.cpython-310.pyc
[1.113s] byte-compiling /home/unknown/ros2_setup_scripts/ros2_ws/src/mypkg/install/mypkg/lib/python3.10/site-packages/mypkg/talker.py to talker.cpython-310.pyc
[1.113s] running install_data
[1.114s] creating /home/unknown/ros2_setup_scripts/ros2_ws/src/mypkg/install/mypkg/share/ament_index
[1.114s] creating /home/unknown/ros2_setup_scripts/ros2_ws/src/mypkg/install/mypkg/share/ament_index/resource_index
[1.114s] creating /home/unknown/ros2_setup_scripts/ros2_ws/src/mypkg/install/mypkg/share/ament_index/resource_index/packages
[1.114s] copying resource/mypkg -> /home/unknown/ros2_setup_scripts/ros2_ws/src/mypkg/install/mypkg/share/ament_index/resource_index/packages
[1.115s] copying package.xml -> /home/unknown/ros2_setup_scripts/ros2_ws/src/mypkg/install/mypkg/share/mypkg
[1.115s] copying launch/talk_listen.launch.py -> /home/unknown/ros2_setup_scripts/ros2_ws/src/mypkg/install/mypkg/share/mypkg
[1.115s] running install_egg_info
[1.117s] Copying build/mypkg/mypkg.egg-info to /home/unknown/ros2_setup_scripts/ros2_ws/src/mypkg/install/mypkg/lib/python3.10/site-packages/mypkg-0.0.0-py3.10.egg-info
[1.121s] running install_scripts
[1.148s] Installing listener script to /home/unknown/ros2_setup_scripts/ros2_ws/src/mypkg/install/mypkg/lib/mypkg
[1.148s] Installing talker script to /home/unknown/ros2_setup_scripts/ros2_ws/src/mypkg/install/mypkg/lib/mypkg
[1.149s] writing list of installed files to '/home/unknown/ros2_setup_scripts/ros2_ws/src/mypkg/build/mypkg/install.log'
[1.188s] Invoked command in '/home/unknown/ros2_setup_scripts/ros2_ws/src/mypkg' returned '0': CONDA_PROMPT_MODIFIER=(base) PYTHONPATH=/home/unknown/ros2_setup_scripts/ros2_ws/src/mypkg/build/mypkg/prefix_override:/usr/lib/python3/dist-packages/colcon_core/task/python/colcon_distutils_commands:/home/unknown/ros2_setup_scripts/ros2_ws/src/mypkg/install/mypkg/lib/python3.10/site-packages:${PYTHONPATH} /usr/bin/python3 -W ignore:setup.py install is deprecated -W ignore:easy_install command is deprecated setup.py egg_info --egg-base build/mypkg build --build-base /home/unknown/ros2_setup_scripts/ros2_ws/src/mypkg/build/mypkg/build install --record /home/unknown/ros2_setup_scripts/ros2_ws/src/mypkg/build/mypkg/install.log --single-version-externally-managed install_data
