[0.482s] Invoking command in '/home/unknown/ros2_setup_scripts/ros2_ws/src/mypkg': PYTHONPATH=/home/unknown/ros2_setup_scripts/ros2_ws/src/mypkg/build/mypkg/prefix_override:/usr/lib/python3/dist-packages/colcon_core/task/python/colcon_distutils_commands:/home/unknown/ros2_setup_scripts/ros2_ws/src/mypkg/install/mypkg/lib/python3.10/site-packages: /usr/bin/python3 -W ignore:setup.py install is deprecated -W ignore:easy_install command is deprecated setup.py egg_info --egg-base build/mypkg build --build-base /home/unknown/ros2_setup_scripts/ros2_ws/src/mypkg/build/mypkg/build install --record /home/unknown/ros2_setup_scripts/ros2_ws/src/mypkg/build/mypkg/install.log --single-version-externally-managed install_data
[0.617s] running egg_info
[0.620s] creating build/mypkg/mypkg.egg-info
[0.620s] writing build/mypkg/mypkg.egg-info/PKG-INFO
[0.621s] writing dependency_links to build/mypkg/mypkg.egg-info/dependency_links.txt
[0.621s] writing entry points to build/mypkg/mypkg.egg-info/entry_points.txt
[0.621s] writing requirements to build/mypkg/mypkg.egg-info/requires.txt
[0.621s] writing top-level names to build/mypkg/mypkg.egg-info/top_level.txt
[0.621s] writing manifest file 'build/mypkg/mypkg.egg-info/SOURCES.txt'
[0.622s] reading manifest file 'build/mypkg/mypkg.egg-info/SOURCES.txt'
[0.622s] writing manifest file 'build/mypkg/mypkg.egg-info/SOURCES.txt'
[0.623s] running build
[0.623s] running build_py
[0.623s] creating /home/unknown/ros2_setup_scripts/ros2_ws/src/mypkg/build/mypkg/build
[0.623s] creating /home/unknown/ros2_setup_scripts/ros2_ws/src/mypkg/build/mypkg/build/lib
[0.624s] creating /home/unknown/ros2_setup_scripts/ros2_ws/src/mypkg/build/mypkg/build/lib/mypkg
[0.624s] copying mypkg/__init__.py -> /home/unknown/ros2_setup_scripts/ros2_ws/src/mypkg/build/mypkg/build/lib/mypkg
[0.624s] copying mypkg/listener.py -> /home/unknown/ros2_setup_scripts/ros2_ws/src/mypkg/build/mypkg/build/lib/mypkg
[0.625s] copying mypkg/talker.py -> /home/unknown/ros2_setup_scripts/ros2_ws/src/mypkg/build/mypkg/build/lib/mypkg
[0.626s] running install
[0.626s] running install_lib
[0.626s] creating /home/unknown/ros2_setup_scripts/ros2_ws/src/mypkg/install/mypkg/lib/python3.10/site-packages/mypkg
[0.627s] copying /home/unknown/ros2_setup_scripts/ros2_ws/src/mypkg/build/mypkg/build/lib/mypkg/__init__.py -> /home/unknown/ros2_setup_scripts/ros2_ws/src/mypkg/install/mypkg/lib/python3.10/site-packages/mypkg
[0.627s] copying /home/unknown/ros2_setup_scripts/ros2_ws/src/mypkg/build/mypkg/build/lib/mypkg/listener.py -> /home/unknown/ros2_setup_scripts/ros2_ws/src/mypkg/install/mypkg/lib/python3.10/site-packages/mypkg
[0.627s] copying /home/unknown/ros2_setup_scripts/ros2_ws/src/mypkg/build/mypkg/build/lib/mypkg/talker.py -> /home/unknown/ros2_setup_scripts/ros2_ws/src/mypkg/install/mypkg/lib/python3.10/site-packages/mypkg
[0.628s] byte-compiling /home/unknown/ros2_setup_scripts/ros2_ws/src/mypkg/install/mypkg/lib/python3.10/site-packages/mypkg/__init__.py to __init__.cpython-310.pyc
[0.628s] byte-compiling /home/unknown/ros2_setup_scripts/ros2_ws/src/mypkg/install/mypkg/lib/python3.10/site-packages/mypkg/listener.py to listener.cpython-310.pyc
[0.628s] byte-compiling /home/unknown/ros2_setup_scripts/ros2_ws/src/mypkg/install/mypkg/lib/python3.10/site-packages/mypkg/talker.py to talker.cpython-310.pyc
[0.629s] running install_data
[0.629s] creating /home/unknown/ros2_setup_scripts/ros2_ws/src/mypkg/install/mypkg/share/ament_index
[0.629s] creating /home/unknown/ros2_setup_scripts/ros2_ws/src/mypkg/install/mypkg/share/ament_index/resource_index
[0.629s] creating /home/unknown/ros2_setup_scripts/ros2_ws/src/mypkg/install/mypkg/share/ament_index/resource_index/packages
[0.629s] copying resource/mypkg -> /home/unknown/ros2_setup_scripts/ros2_ws/src/mypkg/install/mypkg/share/ament_index/resource_index/packages
[0.629s] copying package.xml -> /home/unknown/ros2_setup_scripts/ros2_ws/src/mypkg/install/mypkg/share/mypkg
[0.630s] running install_egg_info
[0.631s] Copying build/mypkg/mypkg.egg-info to /home/unknown/ros2_setup_scripts/ros2_ws/src/mypkg/install/mypkg/lib/python3.10/site-packages/mypkg-0.0.0-py3.10.egg-info
[0.632s] running install_scripts
[0.648s] Installing listener script to /home/unknown/ros2_setup_scripts/ros2_ws/src/mypkg/install/mypkg/lib/mypkg
[0.648s] Installing talker script to /home/unknown/ros2_setup_scripts/ros2_ws/src/mypkg/install/mypkg/lib/mypkg
[0.649s] writing list of installed files to '/home/unknown/ros2_setup_scripts/ros2_ws/src/mypkg/build/mypkg/install.log'
[0.668s] Invoked command in '/home/unknown/ros2_setup_scripts/ros2_ws/src/mypkg' returned '0': PYTHONPATH=/home/unknown/ros2_setup_scripts/ros2_ws/src/mypkg/build/mypkg/prefix_override:/usr/lib/python3/dist-packages/colcon_core/task/python/colcon_distutils_commands:/home/unknown/ros2_setup_scripts/ros2_ws/src/mypkg/install/mypkg/lib/python3.10/site-packages: /usr/bin/python3 -W ignore:setup.py install is deprecated -W ignore:easy_install command is deprecated setup.py egg_info --egg-base build/mypkg build --build-base /home/unknown/ros2_setup_scripts/ros2_ws/src/mypkg/build/mypkg/build install --record /home/unknown/ros2_setup_scripts/ros2_ws/src/mypkg/build/mypkg/install.log --single-version-externally-managed install_data
